// Jest Snapshot v1, https://goo.gl/fbAQLP

exports[`Reducer test initial state should match a snapshot 1`] = `
Object {
  "loadingState": Object {
    "postAdd": "unchanged",
    "postData": "unchanged",
    "todoData": "unchanged",
  },
  "pagination": Object {
    "postOffset": 0,
    "todoOffset": 0,
  },
  "posts": Array [],
  "todos": Array [],
}
`;
